     1 00000000                                 ; naskfunc
     2 00000000                                 ; TAB=4
     3 00000000                                 
     4 00000000                                 ;用汇编语言写的 C语言中不支持的函数
     5 00000000                                 
     6 00000000                                 [FORMAT "WCOFF"] ; 目标文件的格式
     7 00000000                                 [BITS 32] ; 32位
     8 00000000                                 
     9 00000000                                 ;目标文件的信息
    10 00000000                                 [FILE "naskfunc.nas"] ; 源文件名
    11 00000000                                 	
    12 00000000                                 	; 程序中包含的函数名
    13 00000000                                 	GLOBAL _io_hlt
    14 00000000                                 
    15 00000000                                 ;实际函数
    16                                          [SECTION .text]
    17 00000000                                 
    18 00000000                                 _io_hlt:
    19 00000000 F4                              	HLT
    20 00000001 C3                              	RET